[nd-noi-that.mysapo.net/index.html]
[backblue.gif]
[fade.gif]
[index.html]
[bizweb.dktcdn.net/100/369/704/themes/741072/assets/faviconfe5e.png]
[bizweb.dktcdn.net/100/369/704/themes/741072/assets/logofe5e.png]
[bizweb.dktcdn.net/100/369/704/themes/741072/assets/bootstrap.scssfe5e.css]
[bizweb.dktcdn.net/100/369/704/themes/741072/assets/base.scssfe5e.css]
[bizweb.dktcdn.net/100/369/704/themes/741072/assets/style.scssfe5e.css]
[bizweb.dktcdn.net/100/369/704/themes/741072/assets/module.scssfe5e.css]
[bizweb.dktcdn.net/100/369/704/themes/741072/assets/jqueryfe5e.js]
[nd-noi-that.mysapo.net/s]
[nd-noi-that.mysapo.net/dist/js/stats.min4d55.js]
[nd-noi-that.mysapo.net/cart.html]
[bizweb.dktcdn.net/100/369/704/themes/741072/assets/icon_cartfe5e.png]
[nd-noi-that.mysapo.net/he-thong-cua-hang.html]
[nd-noi-that.mysapo.net/account/logina3b1.html]
[nd-noi-that.mysapo.net/account/login.html]
[nd-noi-that.mysapo.net/account/register.html]
[nd-noi-that.mysapo.net/san-pham-noi-bat.html]
[nd-noi-that.mysapo.net/san-pham-khuyen-mai.html]
[nd-noi-that.mysapo.net/noi-that-van-phong.html]
[nd-noi-that.mysapo.net/noi-that-gia-dinh.html]
[nd-noi-that.mysapo.net/ban-an.html]
[nd-noi-that.mysapo.net/giuong.html]
[nd-noi-that.mysapo.net/ghe.html]
[nd-noi-that.mysapo.net/tu-ke.html]
[nd-noi-that.mysapo.net/guong.html]
[nd-noi-that.mysapo.net/ke-tivi.html]
[nd-noi-that.mysapo.net/phong-bep.html]
[nd-noi-that.mysapo.net/do-trang-tri.html]
[nd-noi-that.mysapo.net/tinh-dau-tui-thom.html]
[nd-noi-that.mysapo.net/cay-hoa-gia.html]
[nd-noi-that.mysapo.net/nen-chan.html]
[nd-noi-that.mysapo.net/dong-ho.html]
[nd-noi-that.mysapo.net/khung-tranh-anh.html]
[nd-noi-that.mysapo.net/sofa.html]
[nd-noi-that.mysapo.net/do-dung-van-phong.html]
[nd-noi-that.mysapo.net/dung-cu-nha-bep.html]
[nd-noi-that.mysapo.net/phong-khach.html]
[nd-noi-that.mysapo.net/gioi-thieu.html]
[nd-noi-that.mysapo.net/collections/all.html]
[nd-noi-that.mysapo.net/tin-tuc.html]
[nd-noi-that.mysapo.net/lien-he.html]
[bizweb.dktcdn.net/100/369/704/themes/741072/assets/icon-hethongfe5e.png]
[bizweb.dktcdn.net/thumb/large/100/369/704/themes/741072/assets/slider_1fe5e.jpg]
[bizweb.dktcdn.net/100/369/704/themes/741072/assets/slider_1fe5e.jpg]
[bizweb.dktcdn.net/thumb/large/100/369/704/themes/741072/assets/slider_2fe5e.jpg]
[bizweb.dktcdn.net/100/369/704/themes/741072/assets/slider_2fe5e.jpg]
[bizweb.dktcdn.net/thumb/large/100/369/704/themes/741072/assets/banner_1fe5e.jpg]
[bizweb.dktcdn.net/100/369/704/themes/741072/assets/banner_1fe5e.jpg]
[bizweb.dktcdn.net/thumb/large/100/369/704/themes/741072/assets/banner_2fe5e.jpg]
[bizweb.dktcdn.net/100/369/704/themes/741072/assets/banner_2fe5e.jpg]
[bizweb.dktcdn.net/thumb/large/100/369/704/themes/741072/assets/banner_3fe5e.jpg]
[bizweb.dktcdn.net/100/369/704/themes/741072/assets/banner_3fe5e.jpg]
[bizweb.dktcdn.net/thumb/large/100/369/704/themes/741072/assets/banner_4fe5e.jpg]
[bizweb.dktcdn.net/100/369/704/themes/741072/assets/banner_4fe5e.jpg]
[nd-noi-that.mysapo.net/san-pham-15.html]
[nd-noi-that.mysapo.net/san-pham-14.html]
[nd-noi-that.mysapo.net/san-pham-13.html]
[nd-noi-that.mysapo.net/san-pham-12.html]
[nd-noi-that.mysapo.net/san-pham-11.html]
[nd-noi-that.mysapo.net/phong-ngu.html]
[nd-noi-that.mysapo.net/van-phong.html]
[nd-noi-that.mysapo.net/ghe-banh.html]
[nd-noi-that.mysapo.net/ke-sach.html]
[nd-noi-that.mysapo.net/ghe-sofa.html]
[nd-noi-that.mysapo.net/san-pham-10.html]
[nd-noi-that.mysapo.net/xu-huong-noi-that-may.html]
[nd-noi-that.mysapo.net/xua-tan-nang-nong-voi-noi-that-mau-xanh-ngoc.html]
[nd-noi-that.mysapo.net/xu-huong-noi-that-2020.html]
[nd-noi-that.mysapo.net/thu-thai-trong-chinh-can-ho-cua-ban-1.html]
[bizweb.dktcdn.net/100/369/704/themes/741072/assets/image_payment_1fe5e.jpg]
[bizweb.dktcdn.net/100/369/704/themes/741072/assets/image_payment_2fe5e.jpg]
[bizweb.dktcdn.net/100/369/704/themes/741072/assets/image_payment_3fe5e.jpg]
[bizweb.dktcdn.net/100/369/704/themes/741072/assets/image_payment_4fe5e.jpg]
[bizweb.dktcdn.net/100/369/704/themes/741072/assets/image_payment_5fe5e.jpg]
[bizweb.dktcdn.net/100/369/704/themes/741072/assets/ico_check_fe5e.png]
[nd-noi-that.mysapo.net/cart.json]
[bizweb.dktcdn.net/thumb/large/assets/themes_support/noimage.gif]
[bizweb.dktcdn.net/100/369/704/themes/741072/assets/main2fe5e.js]
[ajax.googleapis.com/ajax/libs/webfont/1/webfont.js]
[nd-noi-that.mysapo.net/index.html]
[bizweb.dktcdn.net/100/369/704/themes/741072/assets/bootstrap.scssfe5e.css]
[maxcdn.bootstrapcdn.com/font-awesome/4.5.0/css/font-awesome.min.css]
[bizweb.dktcdn.net/100/369/704/themes/741072/assets/ico-selectdcd3.png]
[bizweb.dktcdn.net/100/369/704/themes/741072/assets/base.scssfe5e.css]
[bizweb.dktcdn.net/100/369/704/themes/741072/assets/bg-footer2dcd3.jpg]
[bizweb.dktcdn.net/100/369/704/themes/741072/assets/po1dcd3.png]
[bizweb.dktcdn.net/100/369/704/themes/741072/assets/po2dcd3.png]
[bizweb.dktcdn.net/100/369/704/themes/741072/assets/po3dcd3.png]
[bizweb.dktcdn.net/100/369/704/themes/741072/assets/po4dcd3.png]
[bizweb.dktcdn.net/100/369/704/themes/741072/assets/style.scssfe5e.css]
[bizweb.dktcdn.net/100/369/704/themes/741072/assets/bg-dailydeal6dcd3.jpg]
[bizweb.dktcdn.net/100/369/704/themes/741072/assets/dailydeal.png]
[bizweb.dktcdn.net/100/369/704/themes/741072/assets/bg-testimonial6dcd3.jpg]
[bizweb.dktcdn.net/100/369/704/themes/741072/assets/module.scssfe5e.css]
[nd-noi-that.mysapo.net/s.html]
[nd-noi-that.mysapo.net/cart.html]
[bizweb.dktcdn.net/100/369/704/themes/741072/assets/jquery-gmaps-latlon-pickerfe5e.js]
[bizweb.dktcdn.net/100/369/704/themes/741072/assets/showroomfe5e.js]
[bizweb.dktcdn.net/100/369/704/themes/741072/assets/jquery.gmap.minfe5e.js]
[nd-noi-that.mysapo.net/he-thong-cua-hang.html]
[bizweb.dktcdn.net/assets/themes_support/bizweb-api.js]
[bizweb.dktcdn.net/assets/themes_support/common.js]
[bizweb.dktcdn.net/assets/themes_support/customer.js]
[bizweb.dktcdn.net/100/369/704/themes/741072/assets/account_order_style.scssfe5e.css]
[bizweb.dktcdn.net/100/369/704/themes/741072/assets/jquery-validatefe5e.js]
[nd-noi-that.mysapo.net/account/logina3b1.html]
[nd-noi-that.mysapo.net/account/login.html]
[www.google.com/recaptcha/apif78f.js]
[nd-noi-that.mysapo.net/account/register.html]
[bizweb.dktcdn.net/100/369/704/themes/741072/assets/image_ab_1fe5e.png]
[bizweb.dktcdn.net/100/369/704/themes/741072/assets/image_ab_2fe5e.png]
[bizweb.dktcdn.net/100/369/704/themes/741072/assets/image_ab_3fe5e.png]
[bizweb.dktcdn.net/100/369/704/themes/741072/assets/image_ab_4fe5e.png]
[bizweb.dktcdn.net/100/369/704/themes/741072/assets/image_ab_5fe5e.png]
[bizweb.dktcdn.net/100/369/704/themes/741072/assets/image_ab_6fe5e.png]
[bizweb.dktcdn.net/100/369/704/themes/741072/assets/image_ab_7fe5e.png]
[bizweb.dktcdn.net/100/369/704/themes/741072/assets/image_ab_8fe5e.png]
[bizweb.dktcdn.net/100/369/704/themes/741072/assets/image_ab_9fe5e.png]
[nd-noi-that.mysapo.net/san-pham-9.html]
[nd-noi-that.mysapo.net/san-pham-8.html]
[nd-noi-that.mysapo.net/san-pham-7.html]
[nd-noi-that.mysapo.net/san-pham-6.html]
[nd-noi-that.mysapo.net/san-pham-5.html]
[nd-noi-that.mysapo.net/san-pham-4.html]
[nd-noi-that.mysapo.net/san-pham-noi-bat.html]
[nd-noi-that.mysapo.net/san-pham-khuyen-mai.html]
[nd-noi-that.mysapo.net/noi-that-van-phong.html]
[nd-noi-that.mysapo.net/noi-that-gia-dinh.html]
[nd-noi-that.mysapo.net/ban-an.html]
[nd-noi-that.mysapo.net/giuong.html]
[nd-noi-that.mysapo.net/ghe.html]
[nd-noi-that.mysapo.net/tu-ke.html]
[nd-noi-that.mysapo.net/guong.html]
[nd-noi-that.mysapo.net/ke-tivi.html]
[nd-noi-that.mysapo.net/phong-bep.html]
[nd-noi-that.mysapo.net/do-trang-tri.html]
[nd-noi-that.mysapo.net/tinh-dau-tui-thom.html]
[nd-noi-that.mysapo.net/cay-hoa-gia.html]
[nd-noi-that.mysapo.net/nen-chan.html]
[nd-noi-that.mysapo.net/dong-ho.html]
[nd-noi-that.mysapo.net/khung-tranh-anh.html]
[nd-noi-that.mysapo.net/sofa.html]
[bizweb.dktcdn.net/100/369/704/themes/741072/assets/search_filterfe5e.js]
[nd-noi-that.mysapo.net/do-dung-van-phong.html]
[nd-noi-that.mysapo.net/dung-cu-nha-bep.html]
[nd-noi-that.mysapo.net/phong-khach.html]
[nd-noi-that.mysapo.net/gioi-thieu.html]
[nd-noi-that.mysapo.net/collections/phong-ngu.html]
[nd-noi-that.mysapo.net/collections/van-phong.html]
[nd-noi-that.mysapo.net/collections/ghe-banh.html]
[nd-noi-that.mysapo.net/collections/ke-sach.html]
[nd-noi-that.mysapo.net/collections/tu-ke.html]
[nd-noi-that.mysapo.net/collections/khung-tranh-anh.html]
[nd-noi-that.mysapo.net/collections/ghe-sofa.html]
[nd-noi-that.mysapo.net/collections/ke-tivi.html]
[nd-noi-that.mysapo.net/sofa-thu-gian-rouen.html]
[nd-noi-that.mysapo.net/sofa-thu-gian-chaumont.html]
[nd-noi-that.mysapo.net/collections/all.html]
[nd-noi-that.mysapo.net/sofa-thu-gian-dien-bron.html]
[bizweb.dktcdn.net/thumb/large/100/369/704/articles/b18037.jpg]
[bizweb.dktcdn.net/thumb/large/100/369/704/articles/photo-0-15592083785664874950243fc9.jpg]
[bizweb.dktcdn.net/thumb/large/100/369/704/articles/gk-1c123.jpg]
[bizweb.dktcdn.net/thumb/large/100/369/704/articles/t3e1a6.jpg]
[nd-noi-that.mysapo.net/meo-bao-quan-ve-sinh-cac-do-noi-that.html]
[bizweb.dktcdn.net/thumb/large/100/369/704/articles/t20584.jpg]
[nd-noi-that.mysapo.net/thu-thai-trong-chinh-can-ho-cua-ban.html]
[bizweb.dktcdn.net/thumb/large/100/369/704/articles/t151c2.jpg]
[nd-noi-that.mysapo.net/tin-tuc.html]
[nd-noi-that.mysapo.net/lien-he.html]
[bizweb.dktcdn.net/thumb/grande/100/369/704/products/2959aa.jpg]
[bizweb.dktcdn.net/thumb/grande/100/369/704/products/301102.jpg]
[nd-noi-that.mysapo.net/danh-muc-tao-dau-tien.html]
[bizweb.dktcdn.net/thumb/1024x1024/100/369/704/products/2959aa.jpg]
[bizweb.dktcdn.net/100/369/704/products/301102.jpg]
[bizweb.dktcdn.net/thumb/small/100/369/704/products/2959aa.jpg]
[bizweb.dktcdn.net/thumb/1024x1024/100/369/704/products/301102.jpg]
[bizweb.dktcdn.net/thumb/small/100/369/704/products/301102.jpg]
[bizweb.dktcdn.net/thumb/large/100/369/704/products/3-ada177ab-e8ae-46f5-8ee9-19e30da4d7edc3ae.jpg]
[bizweb.dktcdn.net/thumb/large/100/369/704/products/28832c.jpg]
[bizweb.dktcdn.net/thumb/large/100/369/704/products/260e82.jpg]
[bizweb.dktcdn.net/thumb/large/100/369/704/products/2434c2.jpg]
[bizweb.dktcdn.net/100/369/704/themes/741072/assets/bpr-products-modulefe5e.css]
[bizweb.dktcdn.net/100/369/704/themes/741072/assets/lightboxfe5e.css]
[bizweb.dktcdn.net/100/369/704/themes/741072/assets/detailfe5e.js]
[nd-noi-that.mysapo.net/san-pham-15.html]
[bizweb.dktcdn.net/thumb/grande/100/369/704/products/28832c.jpg]
[bizweb.dktcdn.net/100/369/704/themes/741072/assets/jquery.elevatezoom308.minfe5e.js]
[bizweb.dktcdn.net/thumb/grande/100/369/704/products/2719f2.jpg]
[bizweb.dktcdn.net/thumb/1024x1024/100/369/704/products/28832c.jpg]
[bizweb.dktcdn.net/100/369/704/products/2719f2.jpg]
[bizweb.dktcdn.net/thumb/small/100/369/704/products/28832c.jpg]
[bizweb.dktcdn.net/thumb/1024x1024/100/369/704/products/2719f2.jpg]
[bizweb.dktcdn.net/thumb/small/100/369/704/products/2719f2.jpg]
[bizweb.dktcdn.net/thumb/large/100/369/704/products/2959aa.jpg]
[nd-noi-that.mysapo.net/san-pham-14.html]
[bizweb.dktcdn.net/thumb/grande/100/369/704/products/260e82.jpg]
[bizweb.dktcdn.net/thumb/grande/100/369/704/products/25d095.jpg]
[bizweb.dktcdn.net/thumb/1024x1024/100/369/704/products/260e82.jpg]
[bizweb.dktcdn.net/100/369/704/products/25d095.jpg]
[bizweb.dktcdn.net/thumb/small/100/369/704/products/260e82.jpg]
[bizweb.dktcdn.net/thumb/1024x1024/100/369/704/products/25d095.jpg]
[bizweb.dktcdn.net/thumb/small/100/369/704/products/25d095.jpg]
[nd-noi-that.mysapo.net/san-pham-13.html]
[bizweb.dktcdn.net/thumb/grande/100/369/704/products/2434c2.jpg]
[bizweb.dktcdn.net/thumb/grande/100/369/704/products/238fca.jpg]
[bizweb.dktcdn.net/thumb/1024x1024/100/369/704/products/2434c2.jpg]
[bizweb.dktcdn.net/100/369/704/products/238fca.jpg]
[bizweb.dktcdn.net/thumb/small/100/369/704/products/2434c2.jpg]
[bizweb.dktcdn.net/thumb/1024x1024/100/369/704/products/238fca.jpg]
[bizweb.dktcdn.net/thumb/small/100/369/704/products/238fca.jpg]
[nd-noi-that.mysapo.net/san-pham-12.html]
[bizweb.dktcdn.net/thumb/grande/100/369/704/products/215565.jpg]
[bizweb.dktcdn.net/thumb/grande/100/369/704/products/22822f.jpg]
[bizweb.dktcdn.net/thumb/1024x1024/100/369/704/products/215565.jpg]
[bizweb.dktcdn.net/100/369/704/products/22822f.jpg]
[bizweb.dktcdn.net/thumb/small/100/369/704/products/215565.jpg]
[bizweb.dktcdn.net/thumb/1024x1024/100/369/704/products/22822f.jpg]
[bizweb.dktcdn.net/thumb/small/100/369/704/products/22822f.jpg]
[bizweb.dktcdn.net/thumb/large/100/369/704/products/19dfc8.jpg]
[nd-noi-that.mysapo.net/san-pham-11.html]
[nd-noi-that.mysapo.net/phong-ngu.html]
[nd-noi-that.mysapo.net/van-phong.html]
[nd-noi-that.mysapo.net/ghe-banh.html]
[nd-noi-that.mysapo.net/ke-sach.html]
[nd-noi-that.mysapo.net/ghe-sofa.html]
[bizweb.dktcdn.net/thumb/grande/100/369/704/products/19dfc8.jpg]
[bizweb.dktcdn.net/thumb/grande/100/369/704/products/20-bb538c83-5fda-4a80-ab54-5feab0b85414bc3e.jpg]
[bizweb.dktcdn.net/thumb/1024x1024/100/369/704/products/19dfc8.jpg]
[bizweb.dktcdn.net/100/369/704/products/20-bb538c83-5fda-4a80-ab54-5feab0b85414bc3e.jpg]
[bizweb.dktcdn.net/thumb/small/100/369/704/products/19dfc8.jpg]
[bizweb.dktcdn.net/thumb/1024x1024/100/369/704/products/20-bb538c83-5fda-4a80-ab54-5feab0b85414bc3e.jpg]
[bizweb.dktcdn.net/thumb/small/100/369/704/products/20-bb538c83-5fda-4a80-ab54-5feab0b85414bc3e.jpg]
[bizweb.dktcdn.net/thumb/large/100/369/704/products/215565.jpg]
[nd-noi-that.mysapo.net/san-pham-10.html]
[bizweb.dktcdn.net/thumb/grande/100/369/704/articles/b18037.jpg]
[bizweb.dktcdn.net/100/369/704/articles/b18037.jpg]
[bizweb.dktcdn.net/100/369/704/themes/741072/assets/aside_banner2fe5e.png]
[nd-noi-that.mysapo.net/xu-huong-noi-that-may.html]
[bizweb.dktcdn.net/thumb/grande/100/369/704/articles/photo-0-15592083785664874950243fc9.jpg]
[bizweb.dktcdn.net/100/369/704/articles/photo-0-15592083785664874950243fc9.jpg]
[s7.addthis.com/js/300/addthis_widget.js]
[giadinh.mediacdn.vn/thumb_w/640/2019/5/30/photo-0-1559208378566487495024.jpg]
[giadinh.mediacdn.vn/thumb_w/640/2019/5/30/photo-1-15592083785681082841614.jpg]
[giadinh.mediacdn.vn/thumb_w/640/2019/5/30/photo-2-15592083785702011291847.jpg]
[giadinh.mediacdn.vn/thumb_w/640/2019/5/30/photo-3-15592083785731183018504.jpg]
[giadinh.mediacdn.vn/thumb_w/640/2019/5/30/photo-4-15592083785741884749146.jpg]
[giadinh.mediacdn.vn/thumb_w/640/2019/5/30/photo-5-1559208378577975278243.jpg]
[giadinh.mediacdn.vn/thumb_w/640/2019/5/30/photo-6-15592083785791917568365.jpg]
[giadinh.mediacdn.vn/thumb_w/640/2019/5/30/photo-7-1559208378580995540528.jpg]
[giadinh.mediacdn.vn/thumb_w/640/2019/5/30/photo-8-15592083785831704233822.jpg]
[giadinh.mediacdn.vn/thumb_w/640/2019/5/30/photo-9-15592083785841845680401.jpg]
[giadinh.mediacdn.vn/thumb_w/640/2019/5/30/photo-10-155920837858778247767.jpg]
[nd-noi-that.mysapo.net/xua-tan-nang-nong-voi-noi-that-mau-xanh-ngoc.html]
[bizweb.dktcdn.net/thumb/grande/100/369/704/articles/gk-1c123.jpg]
[bizweb.dktcdn.net/100/369/704/articles/gk-1c123.jpg]
[nd-noi-that.mysapo.net/xu-huong-noi-that-2020.html]
[bizweb.dktcdn.net/thumb/grande/100/369/704/articles/t3e1a6.jpg]
[bizweb.dktcdn.net/100/369/704/articles/t3e1a6.jpg]
[nd-noi-that.mysapo.net/thu-thai-trong-chinh-can-ho-cua-ban-1.html]
[maxcdn.bootstrapcdn.com/font-awesome/4.5.0/css/font-awesome.min.css]
[bizweb.dktcdn.net/100/369/704/themes/741072/assets/owl.video.play.png]
[bizweb.dktcdn.net/100/369/704/themes/741072/assets/background-vechungtoidcd3.jpg]
[bizweb.dktcdn.net/100/369/704/themes/741072/assets/xemthemdcd3.png]
[bizweb.dktcdn.net/100/369/704/themes/741072/assets/xemthem-hoverdcd3.png]
[bizweb.dktcdn.net/100/369/704/themes/741072/assets/i_menu_1dcd3.png]
[bizweb.dktcdn.net/100/369/704/themes/741072/assets/i_menu_hover_1dcd3.png]
[bizweb.dktcdn.net/100/369/704/themes/741072/assets/i_menu_2dcd3.png]
[bizweb.dktcdn.net/100/369/704/themes/741072/assets/i_menu_hover_2dcd3.png]
[bizweb.dktcdn.net/100/369/704/themes/741072/assets/i_menu_3dcd3.png]
[bizweb.dktcdn.net/100/369/704/themes/741072/assets/i_menu_hover_3dcd3.png]
[bizweb.dktcdn.net/100/369/704/themes/741072/assets/i_menu_4dcd3.png]
[bizweb.dktcdn.net/100/369/704/themes/741072/assets/i_menu_hover_4dcd3.png]
[bizweb.dktcdn.net/100/369/704/themes/741072/assets/i_menu_5dcd3.png]
[bizweb.dktcdn.net/100/369/704/themes/741072/assets/i_menu_hover_5dcd3.png]
[bizweb.dktcdn.net/100/369/704/themes/741072/assets/i_menu_6dcd3.png]
[bizweb.dktcdn.net/100/369/704/themes/741072/assets/i_menu_hover_6dcd3.png]
[bizweb.dktcdn.net/100/369/704/themes/741072/assets/i_menu_7dcd3.png]
[bizweb.dktcdn.net/100/369/704/themes/741072/assets/i_menu_hover_7dcd3.png]
[bizweb.dktcdn.net/100/369/704/themes/741072/assets/i_menu_8dcd3.png]
[bizweb.dktcdn.net/100/369/704/themes/741072/assets/i_menu_hover_8dcd3.png]
[bizweb.dktcdn.net/100/369/704/themes/741072/assets/i_menu_9dcd3.png]
[bizweb.dktcdn.net/100/369/704/themes/741072/assets/i_menu_hover_9dcd3.png]
[bizweb.dktcdn.net/100/369/704/themes/741072/assets/i_menu_10dcd3.png]
[bizweb.dktcdn.net/100/369/704/themes/741072/assets/i_menu_hover_10dcd3.png]
[bizweb.dktcdn.net/100/369/704/themes/741072/assets/i_menu_11dcd3.png]
[bizweb.dktcdn.net/100/369/704/themes/741072/assets/i_menu_hover_11dcd3.png]
[bizweb.dktcdn.net/100/369/704/themes/741072/assets/i_menu_12dcd3.png]
[bizweb.dktcdn.net/100/369/704/themes/741072/assets/i_menu_hover_12dcd3.png]
[bizweb.dktcdn.net/100/369/704/themes/741072/assets/cart_icondcd3.png]
[bizweb.dktcdn.net/100/369/704/themes/741072/assets/po5dcd3.png]
[bizweb.dktcdn.net/100/369/704/themes/741072/assets/account_order_style.scssfe5e.css]
[bizweb.dktcdn.net/thumb/grande/100/369/704/products/17dc5b.jpg]
[bizweb.dktcdn.net/thumb/grande/100/369/704/products/18e937.jpg]
[bizweb.dktcdn.net/thumb/1024x1024/100/369/704/products/17dc5b.jpg]
[bizweb.dktcdn.net/100/369/704/products/18e937.jpg]
[bizweb.dktcdn.net/thumb/small/100/369/704/products/17dc5b.jpg]
[bizweb.dktcdn.net/thumb/1024x1024/100/369/704/products/18e937.jpg]
[bizweb.dktcdn.net/thumb/small/100/369/704/products/18e937.jpg]
[nd-noi-that.mysapo.net/san-pham-9.html]
[bizweb.dktcdn.net/thumb/grande/100/369/704/products/1596c4.jpg]
[bizweb.dktcdn.net/thumb/grande/100/369/704/products/2047fe.jpg]
[bizweb.dktcdn.net/thumb/1024x1024/100/369/704/products/1596c4.jpg]
[bizweb.dktcdn.net/100/369/704/products/2047fe.jpg]
[bizweb.dktcdn.net/thumb/small/100/369/704/products/1596c4.jpg]
[bizweb.dktcdn.net/thumb/1024x1024/100/369/704/products/2047fe.jpg]
[bizweb.dktcdn.net/thumb/small/100/369/704/products/2047fe.jpg]
[nd-noi-that.mysapo.net/san-pham-8.html]
[bizweb.dktcdn.net/thumb/grande/100/369/704/products/141daa.jpg]
[bizweb.dktcdn.net/thumb/grande/100/369/704/products/13c31a.jpg]
[bizweb.dktcdn.net/thumb/1024x1024/100/369/704/products/141daa.jpg]
[bizweb.dktcdn.net/100/369/704/products/13c31a.jpg]
[bizweb.dktcdn.net/thumb/small/100/369/704/products/141daa.jpg]
[bizweb.dktcdn.net/thumb/1024x1024/100/369/704/products/13c31a.jpg]
[bizweb.dktcdn.net/thumb/small/100/369/704/products/13c31a.jpg]
[nd-noi-that.mysapo.net/san-pham-7.html]
[bizweb.dktcdn.net/thumb/grande/100/369/704/products/1160b5.jpg]
[bizweb.dktcdn.net/thumb/grande/100/369/704/products/12e753.jpg]
[bizweb.dktcdn.net/thumb/1024x1024/100/369/704/products/1160b5.jpg]
[bizweb.dktcdn.net/100/369/704/products/12e753.jpg]
[bizweb.dktcdn.net/thumb/small/100/369/704/products/1160b5.jpg]
[bizweb.dktcdn.net/thumb/1024x1024/100/369/704/products/12e753.jpg]
[bizweb.dktcdn.net/thumb/small/100/369/704/products/12e753.jpg]
[nd-noi-that.mysapo.net/san-pham-6.html]
[bizweb.dktcdn.net/thumb/grande/100/369/704/products/108dd0.jpg]
[bizweb.dktcdn.net/thumb/grande/100/369/704/products/9e180.jpg]
[bizweb.dktcdn.net/thumb/1024x1024/100/369/704/products/108dd0.jpg]
[bizweb.dktcdn.net/100/369/704/products/9e180.jpg]
[bizweb.dktcdn.net/thumb/small/100/369/704/products/108dd0.jpg]
[bizweb.dktcdn.net/thumb/1024x1024/100/369/704/products/9e180.jpg]
[bizweb.dktcdn.net/thumb/small/100/369/704/products/9e180.jpg]
[nd-noi-that.mysapo.net/san-pham-5.html]
[bizweb.dktcdn.net/thumb/grande/100/369/704/products/77ab9.jpg]
[bizweb.dktcdn.net/thumb/grande/100/369/704/products/8088a.jpg]
[bizweb.dktcdn.net/thumb/1024x1024/100/369/704/products/77ab9.jpg]
[bizweb.dktcdn.net/100/369/704/products/8088a.jpg]
[bizweb.dktcdn.net/thumb/small/100/369/704/products/77ab9.jpg]
[bizweb.dktcdn.net/thumb/1024x1024/100/369/704/products/8088a.jpg]
[bizweb.dktcdn.net/thumb/small/100/369/704/products/8088a.jpg]
[nd-noi-that.mysapo.net/san-pham-4.html]
[nd-noi-that.mysapo.net/collections/phong-ngu.html]
[nd-noi-that.mysapo.net/collections/van-phong.html]
[nd-noi-that.mysapo.net/collections/ghe-banh.html]
[nd-noi-that.mysapo.net/collections/ke-sach.html]
[nd-noi-that.mysapo.net/collections/tu-ke.html]
[nd-noi-that.mysapo.net/collections/khung-tranh-anh.html]
[nd-noi-that.mysapo.net/collections/ghe-sofa.html]
[nd-noi-that.mysapo.net/collections/ke-tivi.html]
[bizweb.dktcdn.net/thumb/grande/100/369/704/products/3-ada177ab-e8ae-46f5-8ee9-19e30da4d7ed8c46.jpg]
[bizweb.dktcdn.net/thumb/grande/100/369/704/products/3-1ffc8.jpg]
[bizweb.dktcdn.net/thumb/grande/100/369/704/products/3-2e1bd.jpg]
[nd-noi-that.mysapo.net/danh-muc-tao-thu-2.html]
[bizweb.dktcdn.net/thumb/1024x1024/100/369/704/products/3-ada177ab-e8ae-46f5-8ee9-19e30da4d7ed8c46.jpg]
[bizweb.dktcdn.net/100/369/704/products/3-1ffc8.jpg]
[bizweb.dktcdn.net/100/369/704/products/3-2e1bd.jpg]
[bizweb.dktcdn.net/thumb/small/100/369/704/products/3-ada177ab-e8ae-46f5-8ee9-19e30da4d7ed8c46.jpg]
[bizweb.dktcdn.net/thumb/1024x1024/100/369/704/products/3-1ffc8.jpg]
[bizweb.dktcdn.net/thumb/small/100/369/704/products/3-1ffc8.jpg]
[bizweb.dktcdn.net/thumb/1024x1024/100/369/704/products/3-2e1bd.jpg]
[bizweb.dktcdn.net/thumb/small/100/369/704/products/3-2e1bd.jpg]
[bizweb.dktcdn.net/thumb/large/100/369/704/products/2-ee8af1ef-b0c8-417b-a501-62f0f218ae6b2498.jpg]
[bizweb.dktcdn.net/thumb/large/100/369/704/products/1-17e9c747-e192-4b5c-a701-ee6c95e61e3e87ed.jpg]
[nd-noi-that.mysapo.net/sofa-thu-gian-rouen.html]
[bizweb.dktcdn.net/thumb/grande/100/369/704/products/2-ee8af1ef-b0c8-417b-a501-62f0f218ae6b2498.jpg]
[bizweb.dktcdn.net/thumb/grande/100/369/704/products/2-1bac4.jpg]
[bizweb.dktcdn.net/thumb/1024x1024/100/369/704/products/2-ee8af1ef-b0c8-417b-a501-62f0f218ae6b2498.jpg]
[bizweb.dktcdn.net/100/369/704/products/2-1bac4.jpg]
[bizweb.dktcdn.net/thumb/small/100/369/704/products/2-ee8af1ef-b0c8-417b-a501-62f0f218ae6b2498.jpg]
[bizweb.dktcdn.net/thumb/1024x1024/100/369/704/products/2-1bac4.jpg]
[bizweb.dktcdn.net/thumb/small/100/369/704/products/2-1bac4.jpg]
[nd-noi-that.mysapo.net/sofa-thu-gian-chaumont.html]
[bizweb.dktcdn.net/thumb/grande/100/369/704/products/1-17e9c747-e192-4b5c-a701-ee6c95e61e3e87ed.jpg]
[bizweb.dktcdn.net/thumb/grande/100/369/704/products/1-2cce1.jpg]
[bizweb.dktcdn.net/thumb/grande/100/369/704/products/2-b173a6e4-74f8-48cc-a6c0-9a736c9328068ae6.jpg]
[bizweb.dktcdn.net/thumb/1024x1024/100/369/704/products/1-17e9c747-e192-4b5c-a701-ee6c95e61e3e87ed.jpg]
[bizweb.dktcdn.net/100/369/704/products/1-2cce1.jpg]
[bizweb.dktcdn.net/100/369/704/products/2-b173a6e4-74f8-48cc-a6c0-9a736c9328068ae6.jpg]
[bizweb.dktcdn.net/thumb/small/100/369/704/products/1-17e9c747-e192-4b5c-a701-ee6c95e61e3e87ed.jpg]
[bizweb.dktcdn.net/thumb/1024x1024/100/369/704/products/1-2cce1.jpg]
[bizweb.dktcdn.net/thumb/small/100/369/704/products/1-2cce1.jpg]
[bizweb.dktcdn.net/thumb/1024x1024/100/369/704/products/2-b173a6e4-74f8-48cc-a6c0-9a736c9328068ae6.jpg]
[bizweb.dktcdn.net/thumb/small/100/369/704/products/2-b173a6e4-74f8-48cc-a6c0-9a736c9328068ae6.jpg]
[nd-noi-that.mysapo.net/sofa-thu-gian-dien-bron.html]
[bizweb.dktcdn.net/thumb/grande/100/369/704/articles/t20584.jpg]
[bizweb.dktcdn.net/100/369/704/articles/t20584.jpg]
[nd-noi-that.mysapo.net/meo-bao-quan-ve-sinh-cac-do-noi-that.html]
[bizweb.dktcdn.net/thumb/grande/100/369/704/articles/t151c2.jpg]
[bizweb.dktcdn.net/100/369/704/articles/t151c2.jpg]
[nd-noi-that.mysapo.net/thu-thai-trong-chinh-can-ho-cua-ban.html]
[nd-noi-that.mysapo.net/danh-muc-tao-dau-tien.html]
[bizweb.dktcdn.net/100/369/704/themes/741072/assets/bpr-products-modulefe5e.css]
[bizweb.dktcdn.net/100/369/704/themes/741072/assets/lightboxfe5e.css]
[nd-noi-that.mysapo.net/danh-muc-tao-thu-2.html]
[jangin.vn/wp-content/uploads/2019/10/da-chinh-7760f90aa26f44311d7e.html]
[jangin.vn/wp-content/uploads/2019/10/da-chinh-de002900646f8231db7e.html]
[jangin.vn/wp-content/uploads/2019/10/da-chinh189ff6c5ada04bfe12b1.html]
[jangin.vn/wp-content/uploads/2019/10/da-chinh-d026cc8697e371bd28f2.html]
[jangin.vn/wp-content/uploads/2019/10/da-chinh-AAAA-5bb25dc304a6e2f8bbb7.html]
[jangin.vn/wp-content/uploads/2019/10/da-chinh-510bf4d97e8798d9c196.html]
[jangin.vn/wp-content/uploads/2019/10/f65a8c982ec4c89a91d5.html]
[jangin.vn/wp-content/uploads/2019/10/da-chinh-bd3b108db2d1548f0dc0.html]
[jangin.vn/wp-content/uploads/2019/10/da-chinh-18f5a381f8e41eba47f5-1.html]
[jangin.vn/wp-content/uploads/2019/10/da-chinh-c2ee98fc6d998bc7d288.html]
[jangin.vn/wp-content/uploads/2019/10/da-chinh-160d70ba2bdfcd8194ce.html]
[jangin.vn/wp-content/uploads/2019/10/f8034bbc10d9f687afc8.html]
[jangin.vn/wp-content/uploads/2019/10/bb6dfe77a512434c1a03.html]
[jangin.vn/wp-content/uploads/2019/10/DA-CHINH-986c12d95fb6b9e8e0a7.html]
[jangin.vn/wp-content/uploads/2019/10/DA-CHINH-1e20ce9683f965a73ce8.html]
[bizweb.dktcdn.net/100/369/704/themes/741072/assets/star.svg]
